// Jest Snapshot v1, https://goo.gl/fbAQLP

exports[`Colors page 1`] = `
<div>
  <div
    className="text-center text-md-left mb-sm-0 col-sm-3 col-12"
  >
    <h3
      className="page-title"
      data-name="title"
    >
      Colors
    </h3>
    <p
      className="page-subtitle mt-2 mb-0"
    />
  </div>
  <div>
    <h3>
      primary
    </h3>
    <div
      className="css-3nvwqj"
    >
      <span
        className="css-1igrnc7"
      >
        main
      </span>
    </div>
    <div
      className="css-adnrfm"
    >
      <span
        className="css-1igrnc7"
      >
        light
      </span>
    </div>
    <div
      className="css-jfrlpa"
    >
      <span
        className="css-1igrnc7"
      >
        dark
      </span>
    </div>
    <div
      className="css-1qh8q4c"
    >
      <span
        className="css-1igrnc7"
      >
        contrastText
      </span>
    </div>
  </div>
  <div>
    <h3>
      secondary
    </h3>
    <div
      className="css-1cqt551"
    >
      <span
        className="css-1igrnc7"
      >
        light
      </span>
    </div>
    <div
      className="css-24qou9"
    >
      <span
        className="css-1igrnc7"
      >
        main
      </span>
    </div>
    <div
      className="css-1pp6mt8"
    >
      <span
        className="css-1igrnc7"
      >
        dark
      </span>
    </div>
    <div
      className="css-obgil8"
    >
      <span
        className="css-1igrnc7"
      >
        contrastText
      </span>
    </div>
  </div>
  <div>
    <h3>
      error
    </h3>
    <div
      className="css-1afrj8u"
    >
      <span
        className="css-1igrnc7"
      >
        main
      </span>
    </div>
    <div
      className="css-jgi2wm"
    >
      <span
        className="css-1igrnc7"
      >
        light
      </span>
    </div>
    <div
      className="css-1qk54ye"
    >
      <span
        className="css-1igrnc7"
      >
        dark
      </span>
    </div>
    <div
      className="css-obgil8"
    >
      <span
        className="css-1igrnc7"
      >
        contrastText
      </span>
    </div>
  </div>
  <div>
    <h3>
      warning
    </h3>
    <div
      className="css-24qou9"
    >
      <span
        className="css-1igrnc7"
      >
        main
      </span>
    </div>
    <div
      className="css-1s0cskx"
    >
      <span
        className="css-1igrnc7"
      >
        dark
      </span>
    </div>
    <div
      className="css-kk94zk"
    >
      <span
        className="css-1igrnc7"
      >
        light
      </span>
    </div>
    <div
      className="css-obgil8"
    >
      <span
        className="css-1igrnc7"
      >
        contrastText
      </span>
    </div>
  </div>
  <div>
    <h3>
      info
    </h3>
    <div
      className="css-3nvwqj"
    >
      <span
        className="css-1igrnc7"
      >
        main
      </span>
    </div>
    <div
      className="css-1kb150v"
    >
      <span
        className="css-1igrnc7"
      >
        dark
      </span>
    </div>
    <div
      className="css-adnrfm"
    >
      <span
        className="css-1igrnc7"
      >
        light
      </span>
    </div>
    <div
      className="css-1qh8q4c"
    >
      <span
        className="css-1igrnc7"
      >
        contrastText
      </span>
    </div>
  </div>
  <div>
    <h3>
      success
    </h3>
    <div
      className="css-1l6ui1y"
    >
      <span
        className="css-1igrnc7"
      >
        main
      </span>
    </div>
    <div
      className="css-1xpf40f"
    >
      <span
        className="css-1igrnc7"
      >
        light
      </span>
    </div>
    <div
      className="css-u2emll"
    >
      <span
        className="css-1igrnc7"
      >
        dark
      </span>
    </div>
    <div
      className="css-obgil8"
    >
      <span
        className="css-1igrnc7"
      >
        contrastText
      </span>
    </div>
  </div>
  <div>
    <h3>
      grey
    </h3>
    <div
      className="css-bark0d"
    >
      <span
        className="css-1igrnc7"
      >
        50
      </span>
    </div>
    <div
      className="css-1mr56da"
    >
      <span
        className="css-1igrnc7"
      >
        100
      </span>
    </div>
    <div
      className="css-800vm9"
    >
      <span
        className="css-1igrnc7"
      >
        200
      </span>
    </div>
    <div
      className="css-1cc3had"
    >
      <span
        className="css-1igrnc7"
      >
        300
      </span>
    </div>
    <div
      className="css-1l1htor"
    >
      <span
        className="css-1igrnc7"
      >
        400
      </span>
    </div>
    <div
      className="css-y101ok"
    >
      <span
        className="css-1igrnc7"
      >
        500
      </span>
    </div>
    <div
      className="css-1kcxakv"
    >
      <span
        className="css-1igrnc7"
      >
        600
      </span>
    </div>
    <div
      className="css-vgsrlb"
    >
      <span
        className="css-1igrnc7"
      >
        700
      </span>
    </div>
    <div
      className="css-1ktlz72"
    >
      <span
        className="css-1igrnc7"
      >
        800
      </span>
    </div>
    <div
      className="css-tu854z"
    >
      <span
        className="css-1igrnc7"
      >
        900
      </span>
    </div>
    <div
      className="css-xzcvhz"
    >
      <span
        className="css-1igrnc7"
      >
        A100
      </span>
    </div>
    <div
      className="css-1u8es5o"
    >
      <span
        className="css-1igrnc7"
      >
        A200
      </span>
    </div>
    <div
      className="css-8p54d"
    >
      <span
        className="css-1igrnc7"
      >
        A400
      </span>
    </div>
    <div
      className="css-3hnxjc"
    >
      <span
        className="css-1igrnc7"
      >
        A700
      </span>
    </div>
  </div>
  <div>
    <h3>
      text
    </h3>
    <div
      className="css-1tovqrc"
    >
      <span
        className="css-1igrnc7"
      >
        primary
      </span>
    </div>
    <div
      className="css-dl0jv0"
    >
      <span
        className="css-1igrnc7"
      >
        secondary
      </span>
    </div>
    <div
      className="css-1fsadb3"
    >
      <span
        className="css-1igrnc7"
      >
        disabled
      </span>
    </div>
  </div>
  <div>
    <h3>
      background
    </h3>
    <div
      className="css-1qvlaoz"
    >
      <span
        className="css-1igrnc7"
      >
        paper
      </span>
    </div>
    <div
      className="css-5o8eir"
    >
      <span
        className="css-1igrnc7"
      >
        default
      </span>
    </div>
  </div>
  <div>
    <h3>
      action
    </h3>
    <div
      className="css-1k4n977"
    >
      <span
        className="css-1igrnc7"
      >
        active
      </span>
    </div>
    <div
      className="css-7guhvs"
    >
      <span
        className="css-1igrnc7"
      >
        hover
      </span>
    </div>
    <div
      className="css-s4ngyy"
    >
      <span
        className="css-1igrnc7"
      >
        hoverOpacity
      </span>
    </div>
    <div
      className="css-18kmxwi"
    >
      <span
        className="css-1igrnc7"
      >
        selected
      </span>
    </div>
    <div
      className="css-1wzokz1"
    >
      <span
        className="css-1igrnc7"
      >
        selectedOpacity
      </span>
    </div>
    <div
      className="css-1dkc357"
    >
      <span
        className="css-1igrnc7"
      >
        disabled
      </span>
    </div>
    <div
      className="css-1amj2yp"
    >
      <span
        className="css-1igrnc7"
      >
        disabledBackground
      </span>
    </div>
    <div
      className="css-17f3usp"
    >
      <span
        className="css-1igrnc7"
      >
        disabledOpacity
      </span>
    </div>
    <div
      className="css-1amj2yp"
    >
      <span
        className="css-1igrnc7"
      >
        focus
      </span>
    </div>
    <div
      className="css-1y3yjdn"
    >
      <span
        className="css-1igrnc7"
      >
        focusOpacity
      </span>
    </div>
    <div
      className="css-1y3yjdn"
    >
      <span
        className="css-1igrnc7"
      >
        activatedOpacity
      </span>
    </div>
  </div>
</div>
`;
