// Jest Snapshot v1, https://goo.gl/fbAQLP

exports[`ImageDetails 1`] = `
Array [
  <div
    className="MuiPaper-root MuiPaper-elevation MuiPaper-rounded MuiPaper-elevation1 MuiCard-root css-9too0n-MuiPaper-root-MuiCard-root"
  >
    <div
      className="MuiCardContent-root css-46bh2p-MuiCardContent-root"
    >
      <div
        className="css-1iyoj2o"
      >
        <div
          className="css-18t3lnw"
        >
          Docker Command
        </div>
        <div>
          <div
            className="css-tnchem"
            onClick={[Function]}
          >
            <div
              className="css-mudjgk"
            >
              whatever
            </div>
            <svg
              aria-hidden={true}
              className="MuiSvgIcon-root MuiSvgIcon-fontSizeSmall css-ptiqhd-MuiSvgIcon-root"
              data-testid="FileCopyRoundedIcon"
              focusable="false"
              viewBox="0 0 24 24"
            >
              <path
                d="M15 1H4c-1.1 0-2 .9-2 2v13c0 .55.45 1 1 1s1-.45 1-1V4c0-.55.45-1 1-1h10c.55 0 1-.45 1-1s-.45-1-1-1zm.59 4.59l4.83 4.83c.37.37.58.88.58 1.41V21c0 1.1-.9 2-2 2H7.99C6.89 23 6 22.1 6 21l.01-14c0-1.1.89-2 1.99-2h6.17c.53 0 1.04.21 1.42.59zM15 12h4.5L14 6.5V11c0 .55.45 1 1 1z"
              />
            </svg>
          </div>
        </div>
        <div
          className="css-18t3lnw"
        >
          Python Usage
        </div>
        <div>
          <div
            className="css-tnchem"
            onClick={[Function]}
          >
            <div
              className="css-mudjgk"
            >
              
!Flow
pods:
  my_pod1:
    image: "undefined:undefined"

            </div>
            <svg
              aria-hidden={true}
              className="MuiSvgIcon-root MuiSvgIcon-fontSizeSmall css-ptiqhd-MuiSvgIcon-root"
              data-testid="FileCopyRoundedIcon"
              focusable="false"
              viewBox="0 0 24 24"
            >
              <path
                d="M15 1H4c-1.1 0-2 .9-2 2v13c0 .55.45 1 1 1s1-.45 1-1V4c0-.55.45-1 1-1h10c.55 0 1-.45 1-1s-.45-1-1-1zm.59 4.59l4.83 4.83c.37.37.58.88.58 1.41V21c0 1.1-.9 2-2 2H7.99C6.89 23 6 22.1 6 21l.01-14c0-1.1.89-2 1.99-2h6.17c.53 0 1.04.21 1.42.59zM15 12h4.5L14 6.5V11c0 .55.45 1 1 1z"
              />
            </svg>
          </div>
        </div>
        <div
          className="css-18t3lnw"
        >
          In a Flow
        </div>
        <div>
          <div
            className="css-tnchem"
            onClick={[Function]}
          >
            <div
              className="css-mudjgk"
            >
              
from jina.flow import Flow
f = Flow().add(uses='undefined:undefined')

            </div>
            <svg
              aria-hidden={true}
              className="MuiSvgIcon-root MuiSvgIcon-fontSizeSmall css-ptiqhd-MuiSvgIcon-root"
              data-testid="FileCopyRoundedIcon"
              focusable="false"
              viewBox="0 0 24 24"
            >
              <path
                d="M15 1H4c-1.1 0-2 .9-2 2v13c0 .55.45 1 1 1s1-.45 1-1V4c0-.55.45-1 1-1h10c.55 0 1-.45 1-1s-.45-1-1-1zm.59 4.59l4.83 4.83c.37.37.58.88.58 1.41V21c0 1.1-.9 2-2 2H7.99C6.89 23 6 22.1 6 21l.01-14c0-1.1.89-2 1.99-2h6.17c.53 0 1.04.21 1.42.59zM15 12h4.5L14 6.5V11c0 .55.45 1 1 1z"
              />
            </svg>
          </div>
        </div>
      </div>
    </div>
  </div>,
  <div
    className="MuiPaper-root MuiPaper-elevation MuiPaper-rounded MuiPaper-elevation1 MuiCard-root css-9too0n-MuiPaper-root-MuiCard-root"
  >
    <div
      className="MuiCardContent-root css-46bh2p-MuiCardContent-root"
    >
      <div
        className="css-1iyoj2o"
      >
        <div
          className="css-18t3lnw"
        >
          Tags
        </div>
        <div>
          <div
            className="css-1p9368m"
            data-name="hubImageTags"
          >
            encoder
          </div>
        </div>
      </div>
      <div
        className="css-1iyoj2o"
      >
        <div
          className="css-18t3lnw"
        >
          Platform
        </div>
        <div>
          <div
            className="css-1oohorm"
            data-name="hubImageTags"
          >
            Enel
          </div>
        </div>
        <div
          className="css-1iyoj2o"
        >
          <div
            className="css-18t3lnw"
          >
            Owner
          </div>
          <div>
            Oda
          </div>
        </div>
      </div>
    </div>
  </div>,
]
`;
