// Jest Snapshot v1, https://goo.gl/fbAQLP

exports[`Readme 1`] = `
<div
  className="css-6n725a"
>
  <div
    className="css-18vjixk"
  >
    <div
      className="css-11ue89k"
    >
      <div
        className="css-jn4y13"
      />
    </div>
  </div>
</div>
`;
